---
source: tests/mod.rs
expression: view_issues
---
- createdAt: "2021-02-13T03:42:47.758Z"
  id: ae0b7451-c176-4bec-a09a-f52e824ead11
  number: 1
  priority: 2
- createdAt: "2021-01-11T04:43:21.270Z"
  id: f8a8309b-bc06-4c87-a19f-282aa7bff614
  number: 5
  priority: 3
- createdAt: "2021-01-11T04:43:21.270Z"
  id: eea7a43a-e4d3-4ebf-8f0d-e6538f4f5ae3
  number: 4
  priority: 3
- createdAt: "2021-01-11T04:43:21.270Z"
  id: 9ec131be-f97e-4110-b9f1-39a3b61723ef
  number: 2
  priority: 3
- createdAt: "2021-01-11T04:43:21.270Z"
  id: 1872404c-c3be-4938-a259-43ba8deb511e
  number: 3
  priority: 3
- createdAt: "2021-01-11T04:43:21.270Z"
  id: 13bfaa1c-4cf0-40d6-9d70-6c76b948261b
  number: 1
  priority: 2

